
chris-16@chris-16-PC MINGW64 ~/Downloads/MyFirstProject-master (master)
$ git init
Initialized empty Git repository in C:/Users/chris-16/Downloads/MyFirstProject-m                                                                                                                aster/.git/

chris-16@chris-16-PC MINGW64 ~/Downloads/MyFirstProject-master (master)
$ git remote add origin "https://github.com/Anu-Webnyxa/MyFirstProject.git"

chris-16@chris-16-PC MINGW64 ~/Downloads/MyFirstProject-master (master)
$ git pull origin master
remote: Counting objects: 3, done.
remote: Compressing objects: 100% (2/2), done.
remote: Total 3 (delta 0), reused 0 (delta 0), pack-reused 0
Unpacking objects: 100% (3/3), done.
From https://github.com/Anu-Webnyxa/MyFirstProject
 * branch            master     -> FETCH_HEAD
 * [new branch]      master     -> origin/master

chris-16@chris-16-PC MINGW64 ~/Downloads/MyFirstProject-master (master)
$ git status
On branch master
Untracked files:
  (use "git add <file>..." to include in what will be committed)

        new.html

nothing added to commit but untracked files present (use "git add" to track)

chris-16@chris-16-PC MINGW64 ~/Downloads/MyFirstProject-master (master)
$ git add new.html

chris-16@chris-16-PC MINGW64 ~/Downloads/MyFirstProject-master (master)
$ git status
On branch master
Changes to be committed:
  (use "git reset HEAD <file>..." to unstage)

        new file:   new.html


chris-16@chris-16-PC MINGW64 ~/Downloads/MyFirstProject-master (master)
$ git commit -m "adding first commit in lical repo"
[master 75e3106] adding first commit in lical repo
 1 file changed, 0 insertions(+), 0 deletions(-)
 create mode 100644 new.html

chris-16@chris-16-PC MINGW64 ~/Downloads/MyFirstProject-master (master)
$

chris-16@chris-16-PC MINGW64 ~/Downloads/MyFirstProject-master (master)
$

chris-16@chris-16-PC MINGW64 ~/Downloads/MyFirstProject-master (master)
$ git status
On branch master
Untracked files:
  (use "git add <file>..." to include in what will be committed)

        new2.html
        new3.html

nothing added to commit but untracked files present (use "git add" to track)

chris-16@chris-16-PC MINGW64 ~/Downloads/MyFirstProject-master (master)
$ git status
On branch master
Changes not staged for commit:
  (use "git add <file>..." to update what will be committed)
  (use "git checkout -- <file>..." to discard changes in working directory)

        modified:   new.html

Untracked files:
  (use "git add <file>..." to include in what will be committed)

        new2.html
        new3.html

no changes added to commit (use "git add" and/or "git commit -a")

chris-16@chris-16-PC MINGW64 ~/Downloads/MyFirstProject-master (master)
$ git add -A

chris-16@chris-16-PC MINGW64 ~/Downloads/MyFirstProject-master (master)
$ git status
On branch master
Changes to be committed:
  (use "git reset HEAD <file>..." to unstage)

        modified:   new.html
        new file:   new2.html
        new file:   new3.html


chris-16@chris-16-PC MINGW64 ~/Downloads/MyFirstProject-master (master)
$ git commit -a -m "adding 3 files together"
[master 9a44ff0] adding 3 files together
 3 files changed, 3 insertions(+)
 create mode 100644 new2.html
 create mode 100644 new3.html

chris-16@chris-16-PC MINGW64 ~/Downloads/MyFirstProject-master (master)
$ git log
commit 9a44ff064d8560162d26b383d341842e2e0cb62a (HEAD -> master)
Author: anu <anu.chaudhary@webnyxa.com>
Date:   Thu Jan 18 11:54:28 2018 +0530

    adding 3 files together

commit 75e310670a32b7b9426995e502a57484b5d31c75
Author: anu <anu.chaudhary@webnyxa.com>
Date:   Thu Jan 18 11:47:26 2018 +0530

    adding first commit in lical repo

commit 9310bc543285ea38eca2c6684250d4796fc2048c (origin/master)
Author: Anu-Webnyxa <35553589+Anu-Webnyxa@users.noreply.github.com>
Date:   Thu Jan 18 10:58:41 2018 +0530

    Initial commit

chris-16@chris-16-PC MINGW64 ~/Downloads/MyFirstProject-master (master)
$ git branch first branch
fatal: Not a valid object name: 'branch'.

chris-16@chris-16-PC MINGW64 ~/Downloads/MyFirstProject-master (master)
$ git branch first_branch

chris-16@chris-16-PC MINGW64 ~/Downloads/MyFirstProject-master (master)
$ git checkout first_branch
Switched to branch 'first_branch'

chris-16@chris-16-PC MINGW64 ~/Downloads/MyFirstProject-master (first_branch)
$ git add new4.html

chris-16@chris-16-PC MINGW64 ~/Downloads/MyFirstProject-master (first_branch)
$ git commit -m "making changes in first_branch"
[first_branch 02ae47f] making changes in first_branch
 1 file changed, 1 insertion(+)
 create mode 100644 new4.html

chris-16@chris-16-PC MINGW64 ~/Downloads/MyFirstProject-master (first_branch)
$ ls
new.html  new2.html  new3.html  new4.html  README.md

chris-16@chris-16-PC MINGW64 ~/Downloads/MyFirstProject-master (first_branch)
$ git checkout master
Switched to branch 'master'

chris-16@chris-16-PC MINGW64 ~/Downloads/MyFirstProject-master (master)
$ ls
new.html  new2.html  new3.html  README.md

chris-16@chris-16-PC MINGW64 ~/Downloads/MyFirstProject-master (master)
$ git merge first_branch
Updating 9a44ff0..02ae47f
Fast-forward
 new4.html | 1 +
 1 file changed, 1 insertion(+)
 create mode 100644 new4.html

chris-16@chris-16-PC MINGW64 ~/Downloads/MyFirstProject-master (master)
$ ls
new.html  new2.html  new3.html  new4.html  README.md

chris-16@chris-16-PC MINGW64 ~/Downloads/MyFirstProject-master (master)
$ git checkout first_branch
Switched to branch 'first_branch'

chris-16@chris-16-PC MINGW64 ~/Downloads/MyFirstProject-master (first_branch)
$ git commit -a -m "modifying new4"
[first_branch f1c5e55] modifying new4
 1 file changed, 1 insertion(+), 1 deletion(-)

chris-16@chris-16-PC MINGW64 ~/Downloads/MyFirstProject-master (first_branch)
$ cat new4.html
first_branch first file, modified in first_branch
chris-16@chris-16-PC MINGW64 ~/Downloads/MyFirstProject-master (first_branch)
$ git checkout master
Switched to branch 'master'

chris-16@chris-16-PC MINGW64 ~/Downloads/MyFirstProject-master (master)
$ cat new4.html
first_branch first file
chris-16@chris-16-PC MINGW64 ~/Downloads/MyFirstProject-master (master)
$ git checkout first_branch
Switched to branch 'first_branch'

chris-16@chris-16-PC MINGW64 ~/Downloads/MyFirstProject-master (first_branch)
$ git add -A

chris-16@chris-16-PC MINGW64 ~/Downloads/MyFirstProject-master (first_branch)
$ git commit -a -m "adding for rebasing"
[first_branch 443f5f4] adding for rebasing
 2 files changed, 2 insertions(+)
 create mode 100644 new5.html
 create mode 100644 new6.html

chris-16@chris-16-PC MINGW64 ~/Downloads/MyFirstProject-master (first_branch)
$ ls
new.html  new2.html  new3.html  new4.html  new5.html  new6.html  README.md

chris-16@chris-16-PC MINGW64 ~/Downloads/MyFirstProject-master (first_branch)
$ git checkout master
Switched to branch 'master'

chris-16@chris-16-PC MINGW64 ~/Downloads/MyFirstProject-master (master)
$ ls
new.html  new2.html  new3.html  new4.html  README.md

chris-16@chris-16-PC MINGW64 ~/Downloads/MyFirstProject-master (master)
$ git checkout first_branch
Switched to branch 'first_branch'

chris-16@chris-16-PC MINGW64 ~/Downloads/MyFirstProject-master (first_branch)
$ git rebase master
Current branch first_branch is up to date.

chris-16@chris-16-PC MINGW64 ~/Downloads/MyFirstProject-master (first_branch)
$ git checkout master
Switched to branch 'master'

chris-16@chris-16-PC MINGW64 ~/Downloads/MyFirstProject-master (master)
$ git rebase first_branch
First, rewinding head to replay your work on top of it...
Fast-forwarded master to first_branch.

chris-16@chris-16-PC MINGW64 ~/Downloads/MyFirstProject-master (master)
$ ls
new.html  new2.html  new3.html  new4.html  new5.html  new6.html  README.md

chris-16@chris-16-PC MINGW64 ~/Downloads/MyFirstProject-master (master)
$

chris-16@chris-16-PC MINGW64 ~/Downloads/MyFirstProject-master (master)
$

chris-16@chris-16-PC MINGW64 ~/Downloads/MyFirstProject-master (master)
$

chris-16@chris-16-PC MINGW64 ~/Downloads/MyFirstProject-master (master)
$ ssh-keygen
Generating public/private rsa key pair.
Enter file in which to save the key (/c/Users/chris-16/.ssh/id_rsa):
Created directory '/c/Users/chris-16/.ssh'.
Enter passphrase (empty for no passphrase):
Enter same passphrase again:
Your identification has been saved in /c/Users/chris-16/.ssh/id_rsa.
Your public key has been saved in /c/Users/chris-16/.ssh/id_rsa.pub.
The key fingerprint is:
SHA256:WIDuP7i7fodeHy3/QmRHFmHQNLJAUfF2SeWGTwg5DpY chris-16@chris-16-PC
The key's randomart image is:
+---[RSA 2048]----+
|     ..  .++***+o|
|    .  .  E.o*==.|
|   .    .. o.+=.=|
|    .  o    +..= |
|   .  . S  o .  .|
|    .      ..    |
|     o .. o..    |
|    . =... +.    |
|   .=*.o  . .o.  |
+----[SHA256]-----+

chris-16@chris-16-PC MINGW64 ~/Downloads/MyFirstProject-master (master)
$ ^C

chris-16@chris-16-PC MINGW64 ~/Downloads/MyFirstProject-master (master)
$ cat /c/Users/chris-16/.ssh/id_rsa.pub.
cat: /c/Users/chris-16/.ssh/id_rsa.pub.: No such file or directory

chris-16@chris-16-PC MINGW64 ~/Downloads/MyFirstProject-master (master)
$

chris-16@chris-16-PC MINGW64 ~/Downloads/MyFirstProject-master (master)
$

chris-16@chris-16-PC MINGW64 ~/Downloads/MyFirstProject-master (master)
$ cat /c/Users/chris-16/.ssh/id_rsa.pub
ssh-rsa AAAAB3NzaC1yc2EAAAADAQABAAABAQDF/I05bEaBX+MxZHLkk49FFgDaTEonjhE2YnH1zc3p                                                                                                                VVtNN5wDTw8lS2SqSurEp1MYTp2/Hv7jR/N/O4NyoQQdP114WQdU8SYxFKNXkHFX1uSyYpV4lYlA2x1B                                                                                                                LdzK7TK08Hp8f3jma5pJMp2Vx9gbfVPsnOpFt9S56KQugUBxSHllAo7R3bmlvIt9U21NSCAOJ8/sGGdz                                                                                                                qiIGvswP0FHx27ByF5vOnVe7ba3LTBBRAGt8hMBZ680uhl9ranheTbSsbIdEmk4tdOfwCISH+WY11Cyw                                                                                                                5LW6N/iPOG6V3mCzT0x4eEKpgfrlMRR5yjTX9cHfsPRaCOGRfe9Qnz/16J5X chris-16@chris-16-P                                                                                                                C

chris-16@chris-16-PC MINGW64 ~/Downloads/MyFirstProject-master (master)
$ ssh -T git@github.com
The authenticity of host 'github.com (192.30.253.113)' can't be established.
RSA key fingerprint is SHA256:nThbg6kXUpJWGl7E1IGOCspRomTxdCARLviKw6E5SY8.
Are you sure you want to continue connecting (yes/no)? y
Please type 'yes' or 'no': yes
Warning: Permanently added 'github.com,192.30.253.113' (RSA) to the list of know                                                                                                                n hosts.
Enter passphrase for key '/c/Users/chris-16/.ssh/id_rsa':
Hi Anu-Webnyxa! You've successfully authenticated, but GitHub does not provide s                                                                                                                hell access.

chris-16@chris-16-PC MINGW64 ~/Downloads/MyFirstProject-master (master)
$

chris-16@chris-16-PC MINGW64 ~/Downloads/MyFirstProject-master (master)
$

chris-16@chris-16-PC MINGW64 ~/Downloads/MyFirstProject-master (master)
$

chris-16@chris-16-PC MINGW64 ~/Downloads/MyFirstProject-master (master)
$ git checkout first_branch
Switched to branch 'first_branch'

chris-16@chris-16-PC MINGW64 ~/Downloads/MyFirstProject-master (first_branch)
$ ls
new.html  new2.html  new3.html  new4.html  new5.html  new6.html  README.md

chris-16@chris-16-PC MINGW64 ~/Downloads/MyFirstProject-master (first_branch)
$ git push origin first_branch
Counting objects: 18, done.
Delta compression using up to 4 threads.
Compressing objects: 100% (10/10), done.
Writing objects: 100% (18/18), 1.37 KiB | 156.00 KiB/s, done.
Total 18 (delta 3), reused 0 (delta 0)
remote: Resolving deltas: 100% (3/3), done.
To https://github.com/Anu-Webnyxa/MyFirstProject.git
 * [new branch]      first_branch -> first_branch

chris-16@chris-16-PC MINGW64 ~/Downloads/MyFirstProject-master (first_branch)
$ git checkout master
Switched to branch 'master'

chris-16@chris-16-PC MINGW64 ~/Downloads/MyFirstProject-master (master)
$ git push origin master
Total 0 (delta 0), reused 0 (delta 0)
To https://github.com/Anu-Webnyxa/MyFirstProject.git
   9310bc5..443f5f4  master -> master

chris-16@chris-16-PC MINGW64 ~/Downloads/MyFirstProject-master (master)
$
